Caso C5: n=50 p=200 h=25  sigma_1(data)=24.96  umbral complemento sqrt(eps)=3.72e-07 (max(n,p)eps=1.11e-12)

         conjunto  r  s r_mas_s s_umbral_eps s_umbral_sigma1Z sigmaZ_1 sigmaZ_s sigmaZ_s1 med_Qn_V med_Qn_W frac_dist_W
          R1 tanh 49 50      99           50               50 9.07e+00    1.264        NA     1.73   0.4096       0.548
      R2 Spearman 49 50      99           50               50 8.87e+00    1.196        NA     1.72   0.3759       0.525
 R3 normal scores 49 50      99           50               50 8.61e+00    0.866        NA     1.65   0.2585       0.527
              SCM 50  0      50            0               50 2.84e-13       NA  2.84e-13     1.70       NA       0.000
       covx BACON 24 26      50           26               26 1.98e+01    6.378  3.52e-13     2.09   0.0907       0.523

(b) Sensibilidad (umbral complemento sigma_1*sqrt(eps)*kappa2): conjuntos distintos frente a (kappa=1, kappa2=1)
  kappa=0.1  kappa2=0.1  : 0
  kappa=1    kappa2=0.1  : 0
  kappa=10   kappa2=0.1  : 0
  kappa=0.1  kappa2=1    : 0
  kappa=1    kappa2=1    : 0
  kappa=10   kappa2=1    : 0
  kappa=0.1  kappa2=10   : 0
  kappa=1    kappa2=10   : 0
  kappa=10   kappa2=10   : 0
  canonical2 vs oficial: 4 conjuntos distintos; canonical2 vs canonical: 4; conjunto 6 igual al oficial: TRUE

(c) Perturbacion 1e-14 relativa (5 veces): conjuntos que cambian
  pert 1: oficial {4}; canonical {}; canonical2 {}; canonical2 umbral eps {}
  pert 2: oficial {4}; canonical {}; canonical2 {}; canonical2 umbral eps {}
  pert 3: oficial {4}; canonical {}; canonical2 {}; canonical2 umbral eps {}
  pert 4: oficial {4}; canonical {}; canonical2 {}; canonical2 umbral eps {}
  pert 5: oficial {1,4}; canonical {}; canonical2 {}; canonical2 umbral eps {}

(d) initHsets canonical2 identicos bit a bit a rrcov: FALSE; CovMrcd(initHsets=canonical2) == CovMrcd(x): FALSE
