Caso C2: n=100 p=200 h=50  sigma_1(data)=23.23  umbral complemento sqrt(eps)=3.46e-07 (max(n,p)eps=1.03e-12)

         conjunto   r   s r_mas_s s_umbral_eps s_umbral_sigma1Z sigmaZ_1 sigmaZ_s sigmaZ_s1 med_Qn_V med_Qn_W frac_dist_W
          R1 tanh  99 100     199          100              100 7.66e+00   0.0154        NA     1.29   0.2005       0.510
      R2 Spearman  99 100     199          100              100 7.46e+00   0.0514        NA     1.24   0.1782       0.508
 R3 normal scores  99 100     199          100              100 6.77e+00   0.0093        NA     1.26   0.0902       0.505
              SCM 100   0     100            0              100 5.62e-13       NA  5.62e-13     1.29       NA       0.000
       covx BACON  49  51     100           51               51 1.97e+01   4.6277  3.52e-13     1.40   0.0724       0.565

(b) Sensibilidad (umbral complemento sigma_1*sqrt(eps)*kappa2): conjuntos distintos frente a (kappa=1, kappa2=1)
  kappa=0.1  kappa2=0.1  : 0
  kappa=1    kappa2=0.1  : 0
  kappa=10   kappa2=0.1  : 0
  kappa=0.1  kappa2=1    : 0
  kappa=1    kappa2=1    : 0
  kappa=10   kappa2=1    : 0
  kappa=0.1  kappa2=10   : 0
  kappa=1    kappa2=10   : 0
  kappa=10   kappa2=10   : 0
  canonical2 vs oficial: 4 conjuntos distintos; canonical2 vs canonical: 4; conjunto 6 igual al oficial: TRUE

(c) Perturbacion 1e-14 relativa (5 veces): conjuntos que cambian
  pert 1: oficial {1,4}; canonical {}; canonical2 {}; canonical2 umbral eps {4}
  pert 2: oficial {1,4}; canonical {}; canonical2 {}; canonical2 umbral eps {}
  pert 3: oficial {1,4}; canonical {}; canonical2 {}; canonical2 umbral eps {}
  pert 4: oficial {1,4}; canonical {}; canonical2 {}; canonical2 umbral eps {}
  pert 5: oficial {4}; canonical {}; canonical2 {}; canonical2 umbral eps {}

(d) initHsets canonical2 identicos bit a bit a rrcov: FALSE; CovMrcd(initHsets=canonical2) == CovMrcd(x): FALSE
