Caso C8: n=200 p=40 h=100  sigma_1(data)=34.72  umbral complemento sqrt(eps)=5.17e-07 (max(n,p)eps=1.54e-12)

         conjunto  r s r_mas_s s_umbral_eps s_umbral_sigma1Z sigmaZ_1 sigmaZ_s sigmaZ_s1 med_Qn_V med_Qn_W frac_dist_W
          R1 tanh 40 0      40            0               40 6.94e-14       NA  6.94e-14    0.586       NA           0
      R2 Spearman 40 0      40            0               40 1.37e-13       NA  1.37e-13    0.593       NA           0
 R3 normal scores 40 0      40            0               40 1.14e-13       NA  1.14e-13    0.592       NA           0
              SCM 40 0      40            0               40 8.28e-14       NA  8.28e-14    0.590       NA           0
       covx BACON 40 0      40            0               40 6.96e-14       NA  6.96e-14    0.620       NA           0

(b) Sensibilidad (umbral complemento sigma_1*sqrt(eps)*kappa2): conjuntos distintos frente a (kappa=1, kappa2=1)
  kappa=0.1  kappa2=0.1  : 0
  kappa=1    kappa2=0.1  : 0
  kappa=10   kappa2=0.1  : 0
  kappa=0.1  kappa2=1    : 0
  kappa=1    kappa2=1    : 0
  kappa=10   kappa2=1    : 0
  kappa=0.1  kappa2=10   : 0
  kappa=1    kappa2=10   : 0
  kappa=10   kappa2=10   : 0
  canonical2 vs oficial: 0 conjuntos distintos; canonical2 vs canonical: 0; conjunto 6 igual al oficial: TRUE

(c) Perturbacion 1e-14 relativa (5 veces): conjuntos que cambian
  pert 1: oficial {}; canonical {}; canonical2 {}; canonical2 umbral eps {}
  pert 2: oficial {}; canonical {}; canonical2 {}; canonical2 umbral eps {}
  pert 3: oficial {}; canonical {}; canonical2 {}; canonical2 umbral eps {}
  pert 4: oficial {}; canonical {}; canonical2 {}; canonical2 umbral eps {}
  pert 5: oficial {}; canonical {}; canonical2 {}; canonical2 umbral eps {}

(d) initHsets canonical2 identicos bit a bit a rrcov: TRUE; CovMrcd(initHsets=canonical2) == CovMrcd(x): TRUE
