Caso C1: n=50 p=200 h=25  sigma_1(data)=20.15  umbral complemento sqrt(eps)=3e-07 (max(n,p)eps=8.95e-13)

         conjunto  r  s r_mas_s s_umbral_eps s_umbral_sigma1Z sigmaZ_1 sigmaZ_s sigmaZ_s1 med_Qn_V med_Qn_W frac_dist_W
          R1 tanh 49 50      99           50               50 9.46e+00    1.363        NA     1.89    0.396       0.530
      R2 Spearman 49 50      99           50               50 9.28e+00    1.211        NA     1.87    0.381       0.520
 R3 normal scores 49 50      99           50               50 9.17e+00    0.789        NA     1.97    0.254       0.517
              SCM 50  0      50            2               50 7.52e-12       NA  7.52e-12     1.88       NA       0.000
       covx BACON 24 26      50           26               26 1.79e+01    7.864  7.18e-14     1.75    0.155       0.532

(b) Sensibilidad (umbral complemento sigma_1*sqrt(eps)*kappa2): conjuntos distintos frente a (kappa=1, kappa2=1)
  kappa=0.1  kappa2=0.1  : 0
  kappa=1    kappa2=0.1  : 0
  kappa=10   kappa2=0.1  : 0
  kappa=0.1  kappa2=1    : 0
  kappa=1    kappa2=1    : 0
  kappa=10   kappa2=1    : 0
  kappa=0.1  kappa2=10   : 0
  kappa=1    kappa2=10   : 0
  kappa=10   kappa2=10   : 0
  canonical2 vs oficial: 4 conjuntos distintos; canonical2 vs canonical: 4; conjunto 6 igual al oficial: TRUE

(c) Perturbacion 1e-14 relativa (5 veces): conjuntos que cambian
  pert 1: oficial {1,4}; canonical {}; canonical2 {}; canonical2 umbral eps {4}
  pert 2: oficial {1,4}; canonical {}; canonical2 {}; canonical2 umbral eps {4}
  pert 3: oficial {1,4}; canonical {}; canonical2 {}; canonical2 umbral eps {4}
  pert 4: oficial {1,4}; canonical {}; canonical2 {}; canonical2 umbral eps {4}
  pert 5: oficial {1,4}; canonical {}; canonical2 {}; canonical2 umbral eps {}

(d) initHsets canonical2 identicos bit a bit a rrcov: FALSE; CovMrcd(initHsets=canonical2) == CovMrcd(x): FALSE
